// Jest Snapshot v1, https://goo.gl/fbAQLP

exports[`Tabs Component Closes the first tab and opens any clicked tab 1`] = `
<div>
  <button
    key="0"
    onClick={[Function]}
  >
    First tab
  </button>
  <button
    key="1"
    onClick={[Function]}
  >
    Second tab
  </button>
  <button
    key="2"
    onClick={[Function]}
  >
    Third tab
  </button>
  <div
    className="content"
  >
    Laboriosam exercitationem quos consectetur expedita consequatur. Fugit, sapiente aspernatur corporis velit, dolor eum reprehenderit provident ipsam, maiores incidunt repellat! Facilis, neque doloremque. Lorem ipsum dolor sit amet consectetur adipisicing elit.
  </div>
</div>
`;

exports[`Tabs Component Renders empty given no tabs 1`] = `<div />`;

exports[`Tabs Component Renders the first tab by default 1`] = `
ShallowWrapper {
  Symbol(enzyme.__root__): [Circular],
  Symbol(enzyme.__unrendered__): <Tabs
    tabs={
      Array [
        Object {
          "content": "Lorem ipsum dolor sit amet consectetur adipisicing elit. Laboriosam exercitationem quos consectetur expedita consequatur. Fugit, sapiente aspernatur corporis velit, dolor eum reprehenderit provident ipsam, maiores incidunt repellat! Facilis, neque doloremque.",
          "name": "First tab",
        },
        Object {
          "content": "Laboriosam exercitationem quos consectetur expedita consequatur. Fugit, sapiente aspernatur corporis velit, dolor eum reprehenderit provident ipsam, maiores incidunt repellat! Facilis, neque doloremque. Lorem ipsum dolor sit amet consectetur adipisicing elit.",
          "name": "Second tab",
        },
        Object {
          "content": "Fugit, sapiente aspernatur corporis velit, dolor eum reprehenderit provident ipsam, maiores incidunt repellat! Facilis, neque doloremque. Lorem ipsum dolor sit amet consectetur adipisicing elit. Laboriosam exercitationem quos consectetur expedita consequatur.",
          "name": "Third tab",
        },
      ]
    }
  />,
  Symbol(enzyme.__renderer__): Object {
    "batchedUpdates": [Function],
    "checkPropTypes": [Function],
    "getNode": [Function],
    "render": [Function],
    "simulateError": [Function],
    "simulateEvent": [Function],
    "unmount": [Function],
  },
  Symbol(enzyme.__node__): Object {
    "instance": null,
    "key": undefined,
    "nodeType": "host",
    "props": Object {
      "children": Array [
        Array [
          <button
            onClick={[Function]}
          >
            First tab
          </button>,
          <button
            onClick={[Function]}
          >
            Second tab
          </button>,
          <button
            onClick={[Function]}
          >
            Third tab
          </button>,
        ],
        <div
          className="content"
        >
          Lorem ipsum dolor sit amet consectetur adipisicing elit. Laboriosam exercitationem quos consectetur expedita consequatur. Fugit, sapiente aspernatur corporis velit, dolor eum reprehenderit provident ipsam, maiores incidunt repellat! Facilis, neque doloremque.
        </div>,
      ],
    },
    "ref": null,
    "rendered": Array [
      Object {
        "instance": null,
        "key": "0",
        "nodeType": "host",
        "props": Object {
          "children": "First tab",
          "onClick": [Function],
        },
        "ref": null,
        "rendered": "First tab",
        "type": "button",
      },
      Object {
        "instance": null,
        "key": "1",
        "nodeType": "host",
        "props": Object {
          "children": "Second tab",
          "onClick": [Function],
        },
        "ref": null,
        "rendered": "Second tab",
        "type": "button",
      },
      Object {
        "instance": null,
        "key": "2",
        "nodeType": "host",
        "props": Object {
          "children": "Third tab",
          "onClick": [Function],
        },
        "ref": null,
        "rendered": "Third tab",
        "type": "button",
      },
      Object {
        "instance": null,
        "key": undefined,
        "nodeType": "host",
        "props": Object {
          "children": "Lorem ipsum dolor sit amet consectetur adipisicing elit. Laboriosam exercitationem quos consectetur expedita consequatur. Fugit, sapiente aspernatur corporis velit, dolor eum reprehenderit provident ipsam, maiores incidunt repellat! Facilis, neque doloremque.",
          "className": "content",
        },
        "ref": null,
        "rendered": "Lorem ipsum dolor sit amet consectetur adipisicing elit. Laboriosam exercitationem quos consectetur expedita consequatur. Fugit, sapiente aspernatur corporis velit, dolor eum reprehenderit provident ipsam, maiores incidunt repellat! Facilis, neque doloremque.",
        "type": "div",
      },
    ],
    "type": "div",
  },
  Symbol(enzyme.__nodes__): Array [
    Object {
      "instance": null,
      "key": undefined,
      "nodeType": "host",
      "props": Object {
        "children": Array [
          Array [
            <button
              onClick={[Function]}
            >
              First tab
            </button>,
            <button
              onClick={[Function]}
            >
              Second tab
            </button>,
            <button
              onClick={[Function]}
            >
              Third tab
            </button>,
          ],
          <div
            className="content"
          >
            Lorem ipsum dolor sit amet consectetur adipisicing elit. Laboriosam exercitationem quos consectetur expedita consequatur. Fugit, sapiente aspernatur corporis velit, dolor eum reprehenderit provident ipsam, maiores incidunt repellat! Facilis, neque doloremque.
          </div>,
        ],
      },
      "ref": null,
      "rendered": Array [
        Object {
          "instance": null,
          "key": "0",
          "nodeType": "host",
          "props": Object {
            "children": "First tab",
            "onClick": [Function],
          },
          "ref": null,
          "rendered": "First tab",
          "type": "button",
        },
        Object {
          "instance": null,
          "key": "1",
          "nodeType": "host",
          "props": Object {
            "children": "Second tab",
            "onClick": [Function],
          },
          "ref": null,
          "rendered": "Second tab",
          "type": "button",
        },
        Object {
          "instance": null,
          "key": "2",
          "nodeType": "host",
          "props": Object {
            "children": "Third tab",
            "onClick": [Function],
          },
          "ref": null,
          "rendered": "Third tab",
          "type": "button",
        },
        Object {
          "instance": null,
          "key": undefined,
          "nodeType": "host",
          "props": Object {
            "children": "Lorem ipsum dolor sit amet consectetur adipisicing elit. Laboriosam exercitationem quos consectetur expedita consequatur. Fugit, sapiente aspernatur corporis velit, dolor eum reprehenderit provident ipsam, maiores incidunt repellat! Facilis, neque doloremque.",
            "className": "content",
          },
          "ref": null,
          "rendered": "Lorem ipsum dolor sit amet consectetur adipisicing elit. Laboriosam exercitationem quos consectetur expedita consequatur. Fugit, sapiente aspernatur corporis velit, dolor eum reprehenderit provident ipsam, maiores incidunt repellat! Facilis, neque doloremque.",
          "type": "div",
        },
      ],
      "type": "div",
    },
  ],
  Symbol(enzyme.__options__): Object {
    "adapter": ReactSixteenAdapter {
      "options": Object {
        "enableComponentDidUpdateOnSetState": true,
        "legacyContextMode": "parent",
        "lifecycles": Object {
          "componentDidUpdate": Object {
            "onSetState": true,
          },
          "getChildContext": Object {
            "calledByRenderer": false,
          },
          "getDerivedStateFromError": true,
          "getDerivedStateFromProps": Object {
            "hasShouldComponentUpdateBug": false,
          },
          "getSnapshotBeforeUpdate": true,
          "setState": Object {
            "skipsComponentDidUpdateOnNullish": true,
          },
        },
      },
    },
  },
  Symbol(enzyme.__childContext__): null,
}
`;
